# Benchmark SNAP Ta potential
# Source: https://gitlab.com/NERSC/N10-benchmarks/exaalt

# specify the domain decomposition, if desired
# Px, Py, Pz determine be the number of MPI processes in each dimension of the process grid
# processors Px Py Pz

# initialize

variable        nsteps index 100
variable        a equal 3.1803
variable        nx index 4
variable        ny index 4
variable        nz index 4

units           metal

# generate a BCC lattice

boundary        p p p

lattice         bcc $a origin 0.1 0.1 0.1
region          box block 0 ${nx} 0 ${ny} 0 ${nz}
create_box      1 box
create_atoms    1 box

mass            1 183.84

# choose potential
# common/W_snap_wrapper.txt from NERSC N10 benchmark repo (see above)
# DATE: 2017-02-20 CONTRIBUTOR: Mitchell Wood mitwood@sandia.gov CITATION: Wood, M. A. and Thompson, A. P. "Quantum-Accurate Molecular Dynamics Potential for Tungsten" arXiv:1702.07042 [physics.comp-ph]
#
# Definition of SNAP+ZBL potential.
variable zblcutinner equal 4
variable zblcutouter equal 4.8
variable zblz equal 74

# Specify hybrid with SNAP and ZBL

pair_style hybrid/overlay &
zbl ${zblcutinner} ${zblcutouter} &
snap
pair_coeff 1 1 zbl ${zblz} ${zblz}
pair_coeff * * snap W.snapcoeff W.snapparam W

# end of common/W_snap_wrapper.txt

#Nomenclature on the snap files are Element_DakotaID_Year_Month


# output

thermo          50
thermo_modify   norm yes

# neighbor params

#neighbor       1.0 bin
neighbor        0.0 bin
neigh_modify    every 1 delay 0 check yes

# jiggle atoms

variable atomjiggle equal 1.0e-3
displace_atoms all random ${atomjiggle} ${atomjiggle} ${atomjiggle} 87287 units box

# run NVT MD
# 1/2 fmsec timestep
# coupling constant = 50 steps

velocity        all create 800.0 4928459 loop local
timestep        0.5e-3          
fix             1 all nve
fix             2 all langevin 800.0 800.0 0.025 398928

run             ${nsteps}
